[ 1620759ms] [ERROR] Failed to load resource: net::ERR_CONNECTION_REFUSED @ http://localhost:3000/privacy-policy?_rsc=5CB68i4pnAekjehf:0
[ 1620759ms] [ERROR] Failed to load resource: net::ERR_CONNECTION_REFUSED @ http://localhost:3000/terms?_rsc=5CB68i4pnAekjehf:0
[ 1907343ms] [ERROR] Failed to load resource: net::ERR_CONNECTION_REFUSED @ http://localhost:3000/industries?_rsc=5CB68i4pnAekjehf:0
[ 1907372ms] [ERROR] Failed to load resource: net::ERR_CONNECTION_REFUSED @ http://localhost:3000/results?_rsc=5CB68i4pnAekjehf:0
[ 1907732ms] [ERROR] Failed to load resource: net::ERR_CONNECTION_REFUSED @ http://localhost:3000/results?_rsc=GTJ1Nu8SPt0kQukB:0
[ 1907732ms] [ERROR] Failed to fetch RSC payload for http://localhost:3000/results. Falling back to browser navigation. TypeError: Failed to fetch
    at n (http://localhost:3000/_next/static/chunks/0zwkgt6z_hwdh.js:2:37083)
    at M (http://localhost:3000/_next/static/chunks/0zwkgt6z_hwdh.js:1:35971)
    at async b (http://localhost:3000/_next/static/chunks/0zwkgt6z_hwdh.js:1:33414)
    at async S (http://localhost:3000/_next/static/chunks/0zwkgt6z_hwdh.js:1:8510) @ http://localhost:3000/_next/static/chunks/0zwkgt6z_hwdh.js:0
[ 1930040ms] [INFO] %cDownload the React DevTools for a better development experience: https://react.dev/link/react-devtools font-weight:bold @ http://localhost:3000/_next/static/chunks/node_modules_next_dist_1bjkg68unqmjx._.js:719
[ 1930272ms] [LOG] [HMR] connected @ http://localhost:3000/_next/static/chunks/node_modules_next_dist_1bjkg68unqmjx._.js:719
[ 1930584ms] [LOG] [Fast Refresh] rebuilding @ http://localhost:3000/_next/static/chunks/node_modules_next_dist_1bjkg68unqmjx._.js:719
[ 1930640ms] [LOG] [Fast Refresh] done in 193ms @ http://localhost:3000/_next/static/chunks/node_modules_next_dist_1bjkg68unqmjx._.js:719
[ 1946436ms] [LOG] [Fast Refresh] rebuilding @ http://localhost:3000/_next/static/chunks/node_modules_next_dist_1bjkg68unqmjx._.js:719
[ 1946932ms] [LOG] [Fast Refresh] done in 599ms @ http://localhost:3000/_next/static/chunks/node_modules_next_dist_1bjkg68unqmjx._.js:719
[ 1952226ms] [LOG] [Fast Refresh] rebuilding @ http://localhost:3000/_next/static/chunks/node_modules_next_dist_1bjkg68unqmjx._.js:719
[ 1952450ms] [LOG] [Fast Refresh] done in 324ms @ http://localhost:3000/_next/static/chunks/node_modules_next_dist_1bjkg68unqmjx._.js:719
[ 1955123ms] [LOG] [Fast Refresh] rebuilding @ http://localhost:3000/_next/static/chunks/node_modules_next_dist_1bjkg68unqmjx._.js:719
[ 1955299ms] [LOG] [Fast Refresh] done in 278ms @ http://localhost:3000/_next/static/chunks/node_modules_next_dist_1bjkg68unqmjx._.js:719
[ 1956140ms] [LOG] [Fast Refresh] rebuilding @ http://localhost:3000/_next/static/chunks/node_modules_next_dist_1bjkg68unqmjx._.js:719
[ 1956308ms] [LOG] [Fast Refresh] done in 271ms @ http://localhost:3000/_next/static/chunks/node_modules_next_dist_1bjkg68unqmjx._.js:719
[ 1957292ms] [LOG] [Fast Refresh] rebuilding @ http://localhost:3000/_next/static/chunks/node_modules_next_dist_1bjkg68unqmjx._.js:719
[ 1957932ms] [LOG] [Fast Refresh] done in 742ms @ http://localhost:3000/_next/static/chunks/node_modules_next_dist_1bjkg68unqmjx._.js:719
[ 1958156ms] [LOG] [Fast Refresh] rebuilding @ http://localhost:3000/_next/static/chunks/node_modules_next_dist_1bjkg68unqmjx._.js:719
[ 1958294ms] [LOG] [Fast Refresh] done in 252ms @ http://localhost:3000/_next/static/chunks/node_modules_next_dist_1bjkg68unqmjx._.js:719
[ 2039768ms] [LOG] [Fast Refresh] rebuilding @ http://localhost:3000/_next/static/chunks/node_modules_next_dist_1bjkg68unqmjx._.js:719
[ 2040056ms] [LOG] [Fast Refresh] done in 399ms @ http://localhost:3000/_next/static/chunks/node_modules_next_dist_1bjkg68unqmjx._.js:719
[ 2066501ms] [LOG] [Fast Refresh] rebuilding @ http://localhost:3000/_next/static/chunks/node_modules_next_dist_1bjkg68unqmjx._.js:719
[ 2066896ms] [LOG] [Fast Refresh] done in 514ms @ http://localhost:3000/_next/static/chunks/node_modules_next_dist_1bjkg68unqmjx._.js:719
[ 3910737ms] [LOG] [HMR] connected @ http://localhost:3000/_next/static/chunks/node_modules_next_dist_1bjkg68unqmjx._.js:719
[ 3925839ms] [LOG] [HMR] connected @ http://localhost:3000/_next/static/chunks/node_modules_next_dist_1bjkg68unqmjx._.js:719
[ 5045988ms] [LOG] [HMR] connected @ http://localhost:3000/_next/static/chunks/node_modules_next_dist_1bjkg68unqmjx._.js:719
[19202903ms] [LOG] [HMR] connected @ http://localhost:3000/_next/static/chunks/node_modules_next_dist_1bjkg68unqmjx._.js:719
[19203197ms] [LOG] [Fast Refresh] rebuilding @ http://localhost:3000/_next/static/chunks/node_modules_next_dist_1bjkg68unqmjx._.js:719
[19206539ms] [LOG] [Fast Refresh] done in 3456ms @ http://localhost:3000/_next/static/chunks/node_modules_next_dist_1bjkg68unqmjx._.js:719
[19252689ms] [LOG] [Fast Refresh] rebuilding @ http://localhost:3000/_next/static/chunks/node_modules_next_dist_1bjkg68unqmjx._.js:719
[19252821ms] [LOG] [Fast Refresh] done in 266ms @ http://localhost:3000/_next/static/chunks/node_modules_next_dist_1bjkg68unqmjx._.js:719
[19253062ms] [LOG] [Fast Refresh] rebuilding @ http://localhost:3000/_next/static/chunks/node_modules_next_dist_1bjkg68unqmjx._.js:719
[19254093ms] [LOG] [Fast Refresh] done in 1147ms @ http://localhost:3000/_next/static/chunks/node_modules_next_dist_1bjkg68unqmjx._.js:719
[19388234ms] [LOG] [Fast Refresh] rebuilding @ http://localhost:3000/_next/static/chunks/node_modules_next_dist_1bjkg68unqmjx._.js:719
[19388964ms] [LOG] [Fast Refresh] done in 556ms @ http://localhost:3000/_next/static/chunks/node_modules_next_dist_1bjkg68unqmjx._.js:719
[19389016ms] [LOG] [Fast Refresh] done in 556ms @ http://localhost:3000/_next/static/chunks/node_modules_next_dist_1bjkg68unqmjx._.js:719
[19396709ms] [LOG] [Fast Refresh] rebuilding @ http://localhost:3000/_next/static/chunks/node_modules_next_dist_1bjkg68unqmjx._.js:719
[19396718ms] [LOG] [Fast Refresh] done in 59ms @ http://localhost:3000/_next/static/chunks/node_modules_next_dist_1bjkg68unqmjx._.js:719
[19396937ms] [LOG] [Fast Refresh] rebuilding @ http://localhost:3000/_next/static/chunks/node_modules_next_dist_1bjkg68unqmjx._.js:719
[19396990ms] [LOG] [Fast Refresh] done in 156ms @ http://localhost:3000/_next/static/chunks/node_modules_next_dist_1bjkg68unqmjx._.js:719
[19402983ms] [LOG] [Fast Refresh] done in 5505ms @ http://localhost:3000/_next/static/chunks/node_modules_next_dist_1bjkg68unqmjx._.js:719
[19403100ms] [LOG] [Fast Refresh] done in 5505ms @ http://localhost:3000/_next/static/chunks/node_modules_next_dist_1bjkg68unqmjx._.js:719
[19403197ms] [LOG] [Fast Refresh] done in 5505ms @ http://localhost:3000/_next/static/chunks/node_modules_next_dist_1bjkg68unqmjx._.js:719
[19403242ms] [LOG] [Fast Refresh] done in 5505ms @ http://localhost:3000/_next/static/chunks/node_modules_next_dist_1bjkg68unqmjx._.js:719
[19403316ms] [LOG] [Fast Refresh] done in 5505ms @ http://localhost:3000/_next/static/chunks/node_modules_next_dist_1bjkg68unqmjx._.js:719
[19403765ms] [LOG] [Fast Refresh] done in 5505ms @ http://localhost:3000/_next/static/chunks/node_modules_next_dist_1bjkg68unqmjx._.js:719
[19425550ms] [LOG] [Fast Refresh] rebuilding @ http://localhost:3000/_next/static/chunks/node_modules_next_dist_1bjkg68unqmjx._.js:719
[19425774ms] [LOG] [Fast Refresh] done in 274ms @ http://localhost:3000/_next/static/chunks/node_modules_next_dist_1bjkg68unqmjx._.js:719
[19425965ms] [LOG] [Fast Refresh] done in 274ms @ http://localhost:3000/_next/static/chunks/node_modules_next_dist_1bjkg68unqmjx._.js:719
[19426136ms] [LOG] [Fast Refresh] done in 274ms @ http://localhost:3000/_next/static/chunks/node_modules_next_dist_1bjkg68unqmjx._.js:719
[19426150ms] [LOG] [Fast Refresh] done in 274ms @ http://localhost:3000/_next/static/chunks/node_modules_next_dist_1bjkg68unqmjx._.js:719
[19457829ms] [LOG] [Fast Refresh] rebuilding @ http://localhost:3000/_next/static/chunks/node_modules_next_dist_1bjkg68unqmjx._.js:719
[19457912ms] [LOG] [Fast Refresh] done in 152ms @ http://localhost:3000/_next/static/chunks/node_modules_next_dist_1bjkg68unqmjx._.js:719
[19457967ms] [LOG] [Fast Refresh] done in 152ms @ http://localhost:3000/_next/static/chunks/node_modules_next_dist_1bjkg68unqmjx._.js:719
[19500477ms] [LOG] [Fast Refresh] rebuilding @ http://localhost:3000/_next/static/chunks/node_modules_next_dist_1bjkg68unqmjx._.js:719
[19500513ms] [LOG] [Fast Refresh] done in 14ms @ http://localhost:3000/_next/static/chunks/node_modules_next_dist_1bjkg68unqmjx._.js:719
[19500595ms] [LOG] [Fast Refresh] done in 14ms @ http://localhost:3000/_next/static/chunks/node_modules_next_dist_1bjkg68unqmjx._.js:719
[19500723ms] [LOG] [Fast Refresh] done in 14ms @ http://localhost:3000/_next/static/chunks/node_modules_next_dist_1bjkg68unqmjx._.js:719
[19500842ms] [LOG] [Fast Refresh] done in 14ms @ http://localhost:3000/_next/static/chunks/node_modules_next_dist_1bjkg68unqmjx._.js:719
[19501578ms] [LOG] [Fast Refresh] rebuilding @ http://localhost:3000/_next/static/chunks/node_modules_next_dist_1bjkg68unqmjx._.js:719
[19501615ms] [LOG] [Fast Refresh] done in 10ms @ http://localhost:3000/_next/static/chunks/node_modules_next_dist_1bjkg68unqmjx._.js:719
[19517293ms] [LOG] [Fast Refresh] rebuilding @ http://localhost:3000/_next/static/chunks/node_modules_next_dist_1bjkg68unqmjx._.js:719
[19517311ms] [LOG] [Fast Refresh] done in 49ms @ http://localhost:3000/_next/static/chunks/node_modules_next_dist_1bjkg68unqmjx._.js:719
[19519030ms] [LOG] [Fast Refresh] rebuilding @ http://localhost:3000/_next/static/chunks/node_modules_next_dist_1bjkg68unqmjx._.js:719
[19519197ms] [LOG] [Fast Refresh] done in 34ms @ http://localhost:3000/_next/static/chunks/node_modules_next_dist_1bjkg68unqmjx._.js:719
[19519202ms] [LOG] [Fast Refresh] done in 34ms @ http://localhost:3000/_next/static/chunks/node_modules_next_dist_1bjkg68unqmjx._.js:719
[19519498ms] [LOG] [Fast Refresh] rebuilding @ http://localhost:3000/_next/static/chunks/node_modules_next_dist_1bjkg68unqmjx._.js:719
[19519688ms] [LOG] [Fast Refresh] done in 473ms @ http://localhost:3000/_next/static/chunks/node_modules_next_dist_1bjkg68unqmjx._.js:719
[19543225ms] [LOG] [Fast Refresh] rebuilding @ http://localhost:3000/_next/static/chunks/node_modules_next_dist_1bjkg68unqmjx._.js:719
[19543291ms] [LOG] [Fast Refresh] done in 1ms @ http://localhost:3000/_next/static/chunks/node_modules_next_dist_1bjkg68unqmjx._.js:719
[19543341ms] [LOG] [Fast Refresh] done in 1ms @ http://localhost:3000/_next/static/chunks/node_modules_next_dist_1bjkg68unqmjx._.js:719
[19543405ms] [LOG] [Fast Refresh] done in 1ms @ http://localhost:3000/_next/static/chunks/node_modules_next_dist_1bjkg68unqmjx._.js:719
[19543479ms] [LOG] [Fast Refresh] done in 1ms @ http://localhost:3000/_next/static/chunks/node_modules_next_dist_1bjkg68unqmjx._.js:719
[19543509ms] [LOG] [Fast Refresh] done in 1ms @ http://localhost:3000/_next/static/chunks/node_modules_next_dist_1bjkg68unqmjx._.js:719
[19544775ms] [LOG] [Fast Refresh] rebuilding @ http://localhost:3000/_next/static/chunks/node_modules_next_dist_1bjkg68unqmjx._.js:719
[19546118ms] [LOG] [Fast Refresh] done in 1259ms @ http://localhost:3000/_next/static/chunks/node_modules_next_dist_1bjkg68unqmjx._.js:719
[19546420ms] [LOG] [Fast Refresh] done in 1259ms @ http://localhost:3000/_next/static/chunks/node_modules_next_dist_1bjkg68unqmjx._.js:719
[19546826ms] [LOG] [Fast Refresh] done in 1259ms @ http://localhost:3000/_next/static/chunks/node_modules_next_dist_1bjkg68unqmjx._.js:719
[19560873ms] [LOG] [Fast Refresh] rebuilding @ http://localhost:3000/_next/static/chunks/node_modules_next_dist_1bjkg68unqmjx._.js:719
[19560947ms] [LOG] [Fast Refresh] done in 111ms @ http://localhost:3000/_next/static/chunks/node_modules_next_dist_1bjkg68unqmjx._.js:719
[19560996ms] [LOG] [Fast Refresh] done in 111ms @ http://localhost:3000/_next/static/chunks/node_modules_next_dist_1bjkg68unqmjx._.js:719
[19561194ms] [LOG] [Fast Refresh] done in 111ms @ http://localhost:3000/_next/static/chunks/node_modules_next_dist_1bjkg68unqmjx._.js:719
[19561524ms] [LOG] [Fast Refresh] done in 111ms @ http://localhost:3000/_next/static/chunks/node_modules_next_dist_1bjkg68unqmjx._.js:719
[19561670ms] [LOG] [Fast Refresh] done in 111ms @ http://localhost:3000/_next/static/chunks/node_modules_next_dist_1bjkg68unqmjx._.js:719
[19561795ms] [LOG] [Fast Refresh] done in 111ms @ http://localhost:3000/_next/static/chunks/node_modules_next_dist_1bjkg68unqmjx._.js:719
[19561939ms] [LOG] [Fast Refresh] done in 111ms @ http://localhost:3000/_next/static/chunks/node_modules_next_dist_1bjkg68unqmjx._.js:719
[19594491ms] [LOG] [Fast Refresh] rebuilding @ http://localhost:3000/_next/static/chunks/node_modules_next_dist_1bjkg68unqmjx._.js:719
[19594721ms] [LOG] [Fast Refresh] done in 259ms @ http://localhost:3000/_next/static/chunks/node_modules_next_dist_1bjkg68unqmjx._.js:719
[19594816ms] [LOG] [Fast Refresh] done in 259ms @ http://localhost:3000/_next/static/chunks/node_modules_next_dist_1bjkg68unqmjx._.js:719
[19595011ms] [LOG] [Fast Refresh] rebuilding @ http://localhost:3000/_next/static/chunks/node_modules_next_dist_1bjkg68unqmjx._.js:719
[19597554ms] [LOG] [Fast Refresh] done in 2671ms @ http://localhost:3000/_next/static/chunks/node_modules_next_dist_1bjkg68unqmjx._.js:719
[19599578ms] [LOG] [Fast Refresh] rebuilding @ http://localhost:3000/_next/static/chunks/node_modules_next_dist_1bjkg68unqmjx._.js:719
[19599670ms] [LOG] [Fast Refresh] done in 35ms @ http://localhost:3000/_next/static/chunks/node_modules_next_dist_1bjkg68unqmjx._.js:719
[19600043ms] [LOG] [Fast Refresh] rebuilding @ http://localhost:3000/_next/static/chunks/node_modules_next_dist_1bjkg68unqmjx._.js:719
[19602290ms] [LOG] [Fast Refresh] done in 2355ms @ http://localhost:3000/_next/static/chunks/node_modules_next_dist_1bjkg68unqmjx._.js:719
[19618378ms] [LOG] [Fast Refresh] rebuilding @ http://localhost:3000/_next/static/chunks/node_modules_next_dist_1bjkg68unqmjx._.js:719
[19618452ms] [LOG] [Fast Refresh] done in 168ms @ http://localhost:3000/_next/static/chunks/node_modules_next_dist_1bjkg68unqmjx._.js:719
[19618873ms] [LOG] [Fast Refresh] rebuilding @ http://localhost:3000/_next/static/chunks/node_modules_next_dist_1bjkg68unqmjx._.js:719
[19619356ms] [LOG] [Fast Refresh] done in 591ms @ http://localhost:3000/_next/static/chunks/node_modules_next_dist_1bjkg68unqmjx._.js:719
[19620497ms] [LOG] [Fast Refresh] rebuilding @ http://localhost:3000/_next/static/chunks/node_modules_next_dist_1bjkg68unqmjx._.js:719
[19620500ms] [LOG] [Fast Refresh] done in 1ms @ http://localhost:3000/_next/static/chunks/node_modules_next_dist_1bjkg68unqmjx._.js:719
[19635339ms] [LOG] [Fast Refresh] done in 14480ms @ http://localhost:3000/_next/static/chunks/node_modules_next_dist_1bjkg68unqmjx._.js:719
[19635431ms] [LOG] [Fast Refresh] done in 14480ms @ http://localhost:3000/_next/static/chunks/node_modules_next_dist_1bjkg68unqmjx._.js:719
[19635616ms] [LOG] [Fast Refresh] rebuilding @ http://localhost:3000/_next/static/chunks/node_modules_next_dist_1bjkg68unqmjx._.js:719
[19635911ms] [LOG] [Fast Refresh] done in 406ms @ http://localhost:3000/_next/static/chunks/node_modules_next_dist_1bjkg68unqmjx._.js:719
[19635915ms] [LOG] [Fast Refresh] done in 406ms @ http://localhost:3000/_next/static/chunks/node_modules_next_dist_1bjkg68unqmjx._.js:719
[19635917ms] [LOG] [Fast Refresh] done in 406ms @ http://localhost:3000/_next/static/chunks/node_modules_next_dist_1bjkg68unqmjx._.js:719
[19636406ms] [LOG] [Fast Refresh] done in 873ms @ http://localhost:3000/_next/static/chunks/node_modules_next_dist_1bjkg68unqmjx._.js:719
[19636482ms] [LOG] [Fast Refresh] done in 873ms @ http://localhost:3000/_next/static/chunks/node_modules_next_dist_1bjkg68unqmjx._.js:719
[19637750ms] [LOG] [Fast Refresh] done in 7ms @ http://localhost:3000/_next/static/chunks/node_modules_next_dist_1bjkg68unqmjx._.js:719
[19638113ms] [LOG] [Fast Refresh] done in 7ms @ http://localhost:3000/_next/static/chunks/node_modules_next_dist_1bjkg68unqmjx._.js:719
[19638122ms] [LOG] [Fast Refresh] done in 7ms @ http://localhost:3000/_next/static/chunks/node_modules_next_dist_1bjkg68unqmjx._.js:719
[19638577ms] [LOG] [Fast Refresh] done in 7ms @ http://localhost:3000/_next/static/chunks/node_modules_next_dist_1bjkg68unqmjx._.js:719
[19638870ms] [LOG] [Fast Refresh] done in 7ms @ http://localhost:3000/_next/static/chunks/node_modules_next_dist_1bjkg68unqmjx._.js:719
[19639043ms] [LOG] [Fast Refresh] rebuilding @ http://localhost:3000/_next/static/chunks/node_modules_next_dist_1bjkg68unqmjx._.js:719
[19639544ms] [LOG] [Fast Refresh] done in 610ms @ http://localhost:3000/_next/static/chunks/node_modules_next_dist_1bjkg68unqmjx._.js:719
[19680927ms] [ERROR] WebSocket connection to 'ws://localhost:3000/_next/hmr?id=i-A7bWAbiAShnekoYHt4b' failed: Error in connection establishment: net::ERR_CONNECTION_REFUSED @ http://localhost:3000/_next/static/chunks/node_modules_next_dist_client_14zvornz047l2._.js:16398
[19690480ms] [LOG] [HMR] connected @ http://localhost:3000/_next/static/chunks/node_modules_next_dist_1bjkg68unqmjx._.js:719
[19723892ms] [INFO] %cDownload the React DevTools for a better development experience: https://react.dev/link/react-devtools font-weight:bold @ http://localhost:3000/_next/static/chunks/node_modules_next_dist_1bjkg68unqmjx._.js:719
[19726856ms] [LOG] [HMR] connected @ http://localhost:3000/_next/static/chunks/node_modules_next_dist_1bjkg68unqmjx._.js:719
[19731319ms] [LOG] [Fast Refresh] rebuilding @ http://localhost:3000/_next/static/chunks/node_modules_next_dist_1bjkg68unqmjx._.js:719
[19731370ms] [LOG] [Fast Refresh] done in 155ms @ http://localhost:3000/_next/static/chunks/node_modules_next_dist_1bjkg68unqmjx._.js:719
[19757843ms] [ERROR] WebSocket connection to 'ws://localhost:3000/_next/hmr?id=rqrwtYWo1efNoyrxL0hXO' failed: Error in connection establishment: net::ERR_CONNECTION_REFUSED @ http://localhost:3000/_next/static/chunks/node_modules_next_dist_client_14zvornz047l2._.js:16398
[19758864ms] [ERROR] WebSocket connection to 'ws://localhost:3000/_next/hmr?id=rqrwtYWo1efNoyrxL0hXO' failed: Error in connection establishment: net::ERR_CONNECTION_REFUSED @ http://localhost:3000/_next/static/chunks/node_modules_next_dist_client_14zvornz047l2._.js:16398
